[themecraze.net/html/alexis/index.html]
[themecraze.net/html/alexis/assets/images/favicon.png]
[backblue.gif]
[fade.gif]
[index.html]
[themecraze.net/html/alexis/assets/css/blue-theme.css]
[themecraze.net/html/alexis/assets/css/main.css]
[themecraze.net/html/alexis/assets/css/responsive.css]
[themecraze.net/html/alexis/sign-in.html]
[themecraze.net/html/alexis/properties-grid-view.html]
[themecraze.net/html/alexis/index-2.html]
[themecraze.net/html/alexis/assets/images/logo-mobile.png]
[themecraze.net/html/alexis/index-two.html]
[themecraze.net/html/alexis/index-three.html]
[themecraze.net/html/alexis/index-four.html]
[themecraze.net/html/alexis/index-one-page.html]
[themecraze.net/html/alexis/index-two-one-page.html]
[themecraze.net/html/alexis/index-three-one-page.html]
[themecraze.net/html/alexis/index-four-one-page.html]
[themecraze.net/html/alexis/properties-list-view.html]
[themecraze.net/html/alexis/property-details.html]
[themecraze.net/html/alexis/our-team.html]
[themecraze.net/html/alexis/team-details.html]
[themecraze.net/html/alexis/about-us.html]
[themecraze.net/html/alexis/our-services.html]
[themecraze.net/html/alexis/sign-up.html]
[themecraze.net/html/alexis/coming-soon.html]
[themecraze.net/html/alexis/404.html]
[themecraze.net/html/alexis/blog-list-view.html]
[themecraze.net/html/alexis/blog-grid-view.html]
[themecraze.net/html/alexis/blog-details.html]
[themecraze.net/html/alexis/contact-us.html]
[themecraze.net/html/alexis/assets/images/logo.png]
[themecraze.net/html/alexis/assets/images/banner/banner-one.png]
[themecraze.net/html/alexis/assets/images/banner/banner-thumb.png]
[themecraze.net/html/alexis/assets/images/banner/two.png]
[themecraze.net/html/alexis/assets/images/sub-icon.png]
[themecraze.net/html/alexis/assets/images/thumb/about/one.png]
[themecraze.net/html/alexis/assets/images/thumb/about/path-one.png]
[themecraze.net/html/alexis/assets/images/thumb/about/two.png]
[themecraze.net/html/alexis/assets/images/thumb/about/path-two.png]
[themecraze.net/html/alexis/assets/images/thumb/about/three.png]
[themecraze.net/html/alexis/assets/images/thumb/about/path-three.png]
[themecraze.net/html/alexis/assets/images/background/service-bg.png]
[themecraze.net/html/alexis/assets/images/thumb/properties/one.png]
[themecraze.net/html/alexis/assets/images/thumb/properties/author/one.png]
[themecraze.net/html/alexis/assets/images/thumb/properties/two.png]
[themecraze.net/html/alexis/assets/images/thumb/properties/author/two.png]
[themecraze.net/html/alexis/assets/images/thumb/properties/three.png]
[themecraze.net/html/alexis/assets/images/thumb/properties/author/three.png]
[themecraze.net/html/alexis/assets/images/thumb/properties/four.png]
[themecraze.net/html/alexis/assets/images/thumb/properties/five.png]
[themecraze.net/html/alexis/assets/images/thumb/properties/six.png]
[themecraze.net/html/alexis/assets/images/background/counter-bg.png]
[themecraze.net/html/alexis/assets/images/sub-icon-light.png]
[themecraze.net/html/alexis/assets/images/thumb/area/area-one.png]
[themecraze.net/html/alexis/assets/images/thumb/area/area-two.png]
[themecraze.net/html/alexis/assets/images/thumb/area/area-four.png]
[themecraze.net/html/alexis/assets/images/thumb/area/area-three.png]
[themecraze.net/html/alexis/assets/images/thumb/area/area-five.png]
[themecraze.net/html/alexis/assets/images/thumb/area/area-six.png]
[themecraze.net/html/alexis/assets/images/testimonial/thumbnail.png]
[themecraze.net/html/alexis/assets/images/testimonial/client.png]
[themecraze.net/html/alexis/assets/images/team/one.png]
[themecraze.net/html/alexis/assets/images/team/two.png]
[themecraze.net/html/alexis/assets/images/team/three.png]
[themecraze.net/html/alexis/assets/images/team/four.png]
[themecraze.net/html/alexis/assets/images/blog/blog-bg.png]
[themecraze.net/html/alexis/assets/images/blog/one.png]
[themecraze.net/html/alexis/assets/images/blog/two.png]
[themecraze.net/html/alexis/assets/images/blog/three.png]
[themecraze.net/html/alexis/assets/images/partners/one.png]
[themecraze.net/html/alexis/assets/images/partners/two.png]
[themecraze.net/html/alexis/assets/images/partners/three.png]
[themecraze.net/html/alexis/assets/images/partners/four.png]
[themecraze.net/html/alexis/assets/images/partners/five.png]
[themecraze.net/html/alexis/assets/images/logo-light.png]
[themecraze.net/html/alexis/assets/images/blog/footer-one.png]
[themecraze.net/html/alexis/assets/images/blog/footer-two.png]
[themecraze.net/html/alexis/terms-conditions.html]
[themecraze.net/html/alexis/privacy-policy.html]
[themecraze.net/html/alexis/assets/css/red-theme.css]
[themecraze.net/html/alexis/assets/css/brown-theme.css]
[themecraze.net/html/alexis/assets/css/green-theme.css]
[themecraze.net/html/alexis/assets/css/orange-theme.css]
[themecraze.net/html/alexis/assets/css/purple-theme.css]
[themecraze.net/html/alexis/assets/css/teal-theme.css]
[themecraze.net/html/alexis/assets/css/yellow-theme.css]
[themecraze.net/html/alexis/assets/js/jquery-3.7.1.min.js]
[themecraze.net/html/alexis/assets/js/bootstrap.bundle.min.js]
[themecraze.net/html/alexis/assets/js/jquery.nice-select.min.js]
[themecraze.net/html/alexis/assets/js/jquery.magnific-popup.min.js]
[themecraze.net/html/alexis/assets/js/swiper-bundle.min.js]
[themecraze.net/html/alexis/assets/js/viewport.jquery.js]
[themecraze.net/html/alexis/assets/js/odometer.min.js]
[themecraze.net/html/alexis/assets/js/aos.js]
[themecraze.net/html/alexis/assets/js/lenis.min.js]
[themecraze.net/html/alexis/assets/js/ScrollToPlugin.min.js]
[themecraze.net/html/alexis/assets/js/SplitText.min.js]
[themecraze.net/html/alexis/assets/js/ScrollTrigger.min.js]
[themecraze.net/html/alexis/assets/js/gsap.min.js]
[themecraze.net/html/alexis/assets/js/color-settings.js]
[themecraze.net/html/alexis/assets/js/custom.js]
[themecraze.net/html/alexis/index.html]
[themecraze.net/html/alexis/assets/css/blue-theme.css]
[themecraze.net/html/alexis/assets/css/bootstrap.min.css]
[themecraze.net/html/alexis/assets/fonts/css/all.min.css]
[themecraze.net/html/alexis/assets/fonts/css/alexis.css]
[themecraze.net/html/alexis/assets/fonts/css/flag-icons.min.css]
[themecraze.net/html/alexis/assets/fonts/flaticon/flaticon_flaticons.css]
[themecraze.net/html/alexis/assets/css/magnific-popup.css]
[themecraze.net/html/alexis/assets/css/aos.css]
[themecraze.net/html/alexis/assets/css/nice-select.css]
[themecraze.net/html/alexis/assets/css/odometer.css]
[themecraze.net/html/alexis/assets/css/swiper-bundle.min.css]
[themecraze.net/html/alexis/assets/images/preloader.svg]
[themecraze.net/html/alexis/assets/images/background/pattern-one.jpg]
[themecraze.net/html/alexis/assets/images/icon/tick.png]
[themecraze.net/html/alexis/assets/images/background/pattern.jpg]
[themecraze.net/html/alexis/assets/css/main.css]
[themecraze.net/html/alexis/assets/css/responsive.css]
[themecraze.net/html/alexis/assets/images/background/breadcrumb-bg.png]
[themecraze.net/html/alexis/assets/images/google.png]
[themecraze.net/html/alexis/assets/images/meta.png]
[themecraze.net/html/alexis/sign-in.html]
[themecraze.net/html/alexis/assets/images/blog/property-one.png]
[themecraze.net/html/alexis/assets/images/blog/property-two.png]
[themecraze.net/html/alexis/assets/images/blog/property-thre.png]
[themecraze.net/html/alexis/assets/images/property/slider-bg.png]
[themecraze.net/html/alexis/assets/images/property/item-bg.png]
[themecraze.net/html/alexis/properties-grid-view.html]
[themecraze.net/html/alexis/index-2.html]
[themecraze.net/html/alexis/assets/images/banner/banner-two-thumb.png]
[themecraze.net/html/alexis/assets/images/banner/banner-two-filter.png]
[themecraze.net/html/alexis/assets/images/thumb/collection/one.png]
[themecraze.net/html/alexis/assets/images/thumb/collection/two.png]
[themecraze.net/html/alexis/assets/images/thumb/collection/three.png]
[themecraze.net/html/alexis/assets/images/thumb/collection/four.png]
[themecraze.net/html/alexis/assets/images/favs.png]
[themecraze.net/html/alexis/assets/images/thumb/collection/letter.png]
[themecraze.net/html/alexis/assets/images/thumb/video-thumb.png]
[themecraze.net/html/alexis/assets/images/background/area-bg.png]
[themecraze.net/html/alexis/assets/images/area/one.png]
[themecraze.net/html/alexis/assets/images/area/two.png]
[themecraze.net/html/alexis/assets/images/testimonial/bg-four.png]
[themecraze.net/html/alexis/assets/images/testimonial/bg-three.png]
[themecraze.net/html/alexis/assets/images/background/team-bg.png]
[themecraze.net/html/alexis/assets/images/blog/t-one.png]
[themecraze.net/html/alexis/assets/images/blog/t-two.png]
[themecraze.net/html/alexis/assets/images/blog/t-three.png]
[themecraze.net/html/alexis/index-two.html]
[themecraze.net/html/alexis/assets/images/banner/banner-three-thumb.png]
[themecraze.net/html/alexis/assets/images/thumb/who/thumb-lg.png]
[themecraze.net/html/alexis/assets/images/thumb/who/thumb-sm.png]
[themecraze.net/html/alexis/assets/images/property/large-slide.png]
[themecraze.net/html/alexis/assets/images/property/details-poster.png]
[themecraze.net/html/alexis/assets/images/property/video-poster.png]
[themecraze.net/html/alexis/assets/images/icon/line.png]
[themecraze.net/html/alexis/assets/images/testimonial/line.png]
[themecraze.net/html/alexis/assets/images/testimonial/left-qt.png]
[themecraze.net/html/alexis/assets/images/testimonial/right-qt.png]
[themecraze.net/html/alexis/assets/images/testimonial/client-two.png]
[themecraze.net/html/alexis/assets/images/blog/blog-two.png]
[themecraze.net/html/alexis/assets/images/blog/blog-three.png]
[themecraze.net/html/alexis/assets/images/footer-bg.png]
[themecraze.net/html/alexis/index-three.html]
[themecraze.net/html/alexis/assets/images/hero.mp4]
[themecraze.net/html/alexis/index-four.html]
[themecraze.net/html/alexis/index-one-page.html]
[themecraze.net/html/alexis/index-two-one-page.html]
[themecraze.net/html/alexis/index-three-one-page.html]
[themecraze.net/html/alexis/index-four-one-page.html]
[themecraze.net/html/alexis/properties-list-view.html]
[themecraze.net/html/alexis/assets/images/property/breif.png]
[themecraze.net/html/alexis/property-details.html]
[themecraze.net/html/alexis/assets/images/team/five.png]
[themecraze.net/html/alexis/assets/images/team/six.png]
[themecraze.net/html/alexis/assets/images/team/seven.png]
[themecraze.net/html/alexis/assets/images/team/eight.png]
[themecraze.net/html/alexis/our-team.html]
[themecraze.net/html/alexis/team-details.html]
[themecraze.net/html/alexis/about-us.html]
[themecraze.net/html/alexis/assets/images/background/service-bg-sm.png]
[themecraze.net/html/alexis/our-services.html]
[themecraze.net/html/alexis/sign-up.html]
[themecraze.net/html/alexis/coming-soon.html]
[themecraze.net/html/alexis/404.html]
[themecraze.net/html/alexis/assets/images/blog/blog-one.png]
[themecraze.net/html/alexis/assets/images/blog/blog-four.png]
[themecraze.net/html/alexis/assets/images/blog/post-one.png]
[themecraze.net/html/alexis/assets/images/blog/post-two.png]
[themecraze.net/html/alexis/assets/images/blog/post-three.png]
[themecraze.net/html/alexis/blog-list-view.html]
[themecraze.net/html/alexis/assets/images/blog/four.png]
[themecraze.net/html/alexis/assets/images/blog/five.png]
[themecraze.net/html/alexis/assets/images/blog/six.png]
[themecraze.net/html/alexis/blog-grid-view.html]
[themecraze.net/html/alexis/assets/images/blog/blog-details/poster.png]
[themecraze.net/html/alexis/assets/images/blog/blog-details/thumb-poster.png]
[themecraze.net/html/alexis/assets/images/blog/blog-details/author.png]
[themecraze.net/html/alexis/assets/images/blog/blog-details/author-two.png]
[themecraze.net/html/alexis/blog-details.html]
[themecraze.net/html/alexis/contact-us.html]
[themecraze.net/html/alexis/terms-conditions.html]
[themecraze.net/html/alexis/privacy-policy.html]
[themecraze.net/html/alexis/assets/css/red-theme.css]
[themecraze.net/html/alexis/assets/css/brown-theme.css]
[themecraze.net/html/alexis/assets/css/green-theme.css]
[themecraze.net/html/alexis/assets/css/orange-theme.css]
[themecraze.net/html/alexis/assets/css/purple-theme.css]
[themecraze.net/html/alexis/assets/css/teal-theme.css]
[themecraze.net/html/alexis/assets/css/yellow-theme.css]
[themecraze.net/html/alexis/assets/js/jquery-3.7.1.min.js]
[themecraze.net/html/alexis/assets/js/bootstrap.bundle.min.js]
[themecraze.net/html/alexis/assets/js/jquery.nice-select.min.js]
[themecraze.net/html/alexis/assets/js/jquery.magnific-popup.min.js]
[themecraze.net/html/alexis/e]
[themecraze.net/html/alexis/Version/index.html]
[themecraze.net/html/alexis/t.params.url]
[themecraze.net/html/alexis/assets/js/swiper-bundle.min.js]
[themecraze.net/html/alexis/assets/js/viewport.jquery.js]
[themecraze.net/html/alexis/assets/js/odometer.min.js]
[themecraze.net/html/alexis/assets/js/aos.js]
[themecraze.net/html/alexis/assets/js/lenis.min.js]
[themecraze.net/html/alexis/assets/js/SplitText.min.js]
[themecraze.net/html/alexis/assets/js/ScrollToPlugin.min.js]
[themecraze.net/html/alexis/assets/js/ScrollTrigger.min.js]
[themecraze.net/html/alexis/assets/js/gsap.min.js]
[themecraze.net/html/alexis/assets/js/color-settings.js]
[themecraze.net/html/alexis/assets/js/custom.js]
[themecraze.net/html/alexis/assets/css/bootstrap.min.css]
[themecraze.net/html/alexis/dist/index.html]
[themecraze.net/html/alexis/assets/fonts/webfonts/fa-brands-400.woff2]
[themecraze.net/html/alexis/assets/fonts/webfonts/fa-regular-400.woff2]
[themecraze.net/html/alexis/assets/fonts/webfonts/fa-brands-400.ttf]
[themecraze.net/html/alexis/assets/fonts/webfonts/fa-regular-400.ttf]
[themecraze.net/html/alexis/assets/fonts/webfonts/fa-solid-900.woff2]
[themecraze.net/html/alexis/assets/fonts/webfonts/fa-v4compatibility.woff2]
[themecraze.net/html/alexis/assets/fonts/webfonts/fa-v4compatibility.ttf]
[themecraze.net/html/alexis/assets/fonts/css/all.min.css]
[themecraze.net/html/alexis/assets/fonts/webfonts/alexis.eot]
[themecraze.net/html/alexis/assets/fonts/webfonts/alexisd41d.eot]
[themecraze.net/html/alexis/assets/fonts/webfonts/alexis.woff]
[themecraze.net/html/alexis/assets/fonts/webfonts/alexis.ttf]
[themecraze.net/html/alexis/assets/fonts/css/alexis.css]
[themecraze.net/html/alexis/assets/fonts/webfonts/alexis.svg]
[themecraze.net/html/alexis/assets/fonts/webfonts/fa-solid-900.ttf]
[themecraze.net/html/alexis/assets/fonts/flags/4x3/ad.svg]
[themecraze.net/html/alexis/assets/fonts/flags/1x1/ad.svg]
[themecraze.net/html/alexis/assets/fonts/flags/4x3/af.svg]
[themecraze.net/html/alexis/assets/fonts/flags/1x1/af.svg]
[themecraze.net/html/alexis/assets/fonts/flags/4x3/ag.svg]
[themecraze.net/html/alexis/assets/fonts/flags/1x1/ag.svg]
[themecraze.net/html/alexis/assets/fonts/flags/4x3/ai.svg]
[themecraze.net/html/alexis/assets/fonts/flags/1x1/ai.svg]
[themecraze.net/html/alexis/assets/fonts/flags/4x3/al.svg]
[themecraze.net/html/alexis/assets/fonts/flags/1x1/al.svg]
[themecraze.net/html/alexis/assets/fonts/flags/4x3/ao.svg]
[themecraze.net/html/alexis/assets/fonts/flags/1x1/ao.svg]
[themecraze.net/html/alexis/assets/fonts/flags/4x3/aq.svg]
[themecraze.net/html/alexis/assets/fonts/flags/1x1/aq.svg]
[themecraze.net/html/alexis/assets/fonts/flags/4x3/ar.svg]
[themecraze.net/html/alexis/assets/fonts/flags/1x1/ar.svg]
[themecraze.net/html/alexis/assets/fonts/flags/4x3/as.svg]
[themecraze.net/html/alexis/assets/fonts/flags/1x1/as.svg]
[themecraze.net/html/alexis/assets/fonts/flags/4x3/au.svg]
[themecraze.net/html/alexis/assets/fonts/flags/1x1/au.svg]
[themecraze.net/html/alexis/assets/fonts/flags/4x3/aw.svg]
[themecraze.net/html/alexis/assets/fonts/flags/1x1/aw.svg]
[themecraze.net/html/alexis/assets/fonts/flags/4x3/ax.svg]
[themecraze.net/html/alexis/assets/fonts/flags/1x1/ax.svg]
[themecraze.net/html/alexis/assets/fonts/flags/4x3/az.svg]
[themecraze.net/html/alexis/assets/fonts/flags/1x1/az.svg]
[themecraze.net/html/alexis/assets/fonts/flags/4x3/ba.svg]
[themecraze.net/html/alexis/assets/fonts/flags/1x1/ba.svg]
[themecraze.net/html/alexis/assets/fonts/flags/4x3/bb.svg]
[themecraze.net/html/alexis/assets/fonts/flags/1x1/bb.svg]
[themecraze.net/html/alexis/assets/fonts/flags/4x3/be.svg]
[themecraze.net/html/alexis/assets/fonts/flags/1x1/be.svg]
[themecraze.net/html/alexis/assets/fonts/flags/4x3/bf.svg]
[themecraze.net/html/alexis/assets/fonts/flags/1x1/bf.svg]
[themecraze.net/html/alexis/assets/fonts/flags/4x3/bi.svg]
[themecraze.net/html/alexis/assets/fonts/flags/1x1/bi.svg]
[themecraze.net/html/alexis/assets/fonts/flags/4x3/bj.svg]
[themecraze.net/html/alexis/assets/fonts/flags/1x1/bj.svg]
[themecraze.net/html/alexis/assets/fonts/flags/4x3/bm.svg]
[themecraze.net/html/alexis/assets/fonts/flags/1x1/bm.svg]
[themecraze.net/html/alexis/assets/fonts/flags/4x3/bn.svg]
[themecraze.net/html/alexis/assets/fonts/flags/1x1/bn.svg]
[themecraze.net/html/alexis/assets/fonts/flags/4x3/bo.svg]
[themecraze.net/html/alexis/assets/fonts/flags/1x1/bo.svg]
[themecraze.net/html/alexis/assets/fonts/flags/4x3/br.svg]
[themecraze.net/html/alexis/assets/fonts/flags/1x1/br.svg]
[themecraze.net/html/alexis/assets/fonts/flags/4x3/bs.svg]
[themecraze.net/html/alexis/assets/fonts/flags/1x1/bs.svg]
[themecraze.net/html/alexis/assets/fonts/flags/4x3/bt.svg]
[themecraze.net/html/alexis/assets/fonts/flags/1x1/bt.svg]
[themecraze.net/html/alexis/assets/fonts/flags/4x3/bv.svg]
[themecraze.net/html/alexis/assets/fonts/flags/1x1/bv.svg]
[themecraze.net/html/alexis/assets/fonts/flags/4x3/by.svg]
[themecraze.net/html/alexis/assets/fonts/flags/1x1/by.svg]
[themecraze.net/html/alexis/assets/fonts/flags/4x3/bz.svg]
[themecraze.net/html/alexis/assets/fonts/flags/1x1/bz.svg]
[themecraze.net/html/alexis/assets/fonts/flags/4x3/ca.svg]
[themecraze.net/html/alexis/assets/fonts/flags/1x1/ca.svg]
[themecraze.net/html/alexis/assets/fonts/flags/4x3/cc.svg]
[themecraze.net/html/alexis/assets/fonts/flags/1x1/cc.svg]
[themecraze.net/html/alexis/assets/fonts/flags/4x3/cd.svg]
[themecraze.net/html/alexis/assets/fonts/flags/1x1/cd.svg]
[themecraze.net/html/alexis/assets/fonts/flags/4x3/cf.svg]
[themecraze.net/html/alexis/assets/fonts/flags/1x1/cf.svg]
[themecraze.net/html/alexis/assets/fonts/flags/4x3/cg.svg]
[themecraze.net/html/alexis/assets/fonts/flags/1x1/cg.svg]
[themecraze.net/html/alexis/assets/fonts/flags/4x3/ck.svg]
[themecraze.net/html/alexis/assets/fonts/flags/1x1/ck.svg]
[themecraze.net/html/alexis/assets/fonts/flags/4x3/cl.svg]
[themecraze.net/html/alexis/assets/fonts/flags/1x1/cl.svg]
[themecraze.net/html/alexis/assets/fonts/flags/4x3/cm.svg]
[themecraze.net/html/alexis/assets/fonts/flags/1x1/cm.svg]
[themecraze.net/html/alexis/assets/fonts/flags/4x3/cn.svg]
[themecraze.net/html/alexis/assets/fonts/flags/1x1/cn.svg]
[themecraze.net/html/alexis/assets/fonts/flags/4x3/cu.svg]
[themecraze.net/html/alexis/assets/fonts/flags/1x1/cu.svg]
[themecraze.net/html/alexis/assets/fonts/flags/4x3/cv.svg]
[themecraze.net/html/alexis/assets/fonts/flags/1x1/cv.svg]
[themecraze.net/html/alexis/assets/fonts/flags/4x3/cw.svg]
[themecraze.net/html/alexis/assets/fonts/flags/1x1/cw.svg]
[themecraze.net/html/alexis/assets/fonts/flags/4x3/cx.svg]
[themecraze.net/html/alexis/assets/fonts/flags/1x1/cx.svg]
[themecraze.net/html/alexis/assets/fonts/flags/4x3/cy.svg]
[themecraze.net/html/alexis/assets/fonts/flags/1x1/cy.svg]
[themecraze.net/html/alexis/assets/fonts/flags/4x3/dj.svg]
[themecraze.net/html/alexis/assets/fonts/flags/1x1/dj.svg]
[themecraze.net/html/alexis/assets/fonts/flags/4x3/dm.svg]
[themecraze.net/html/alexis/assets/fonts/flags/1x1/dm.svg]
[themecraze.net/html/alexis/assets/fonts/flags/4x3/do.svg]
[themecraze.net/html/alexis/assets/fonts/flags/1x1/do.svg]
[themecraze.net/html/alexis/assets/fonts/flags/1x1/dz.svg]
[themecraze.net/html/alexis/assets/fonts/flags/4x3/ec.svg]
[themecraze.net/html/alexis/assets/fonts/flags/1x1/ec.svg]
[themecraze.net/html/alexis/assets/fonts/flags/1x1/eg.svg]
[themecraze.net/html/alexis/assets/fonts/flags/4x3/eg.svg]
[themecraze.net/html/alexis/assets/fonts/flags/4x3/eh.svg]
[themecraze.net/html/alexis/assets/fonts/flags/1x1/eh.svg]
[themecraze.net/html/alexis/assets/fonts/flags/4x3/er.svg]
[themecraze.net/html/alexis/assets/fonts/flags/1x1/er.svg]
[themecraze.net/html/alexis/assets/fonts/flags/4x3/es.svg]
[themecraze.net/html/alexis/assets/fonts/flags/1x1/es.svg]
[themecraze.net/html/alexis/assets/fonts/flags/4x3/et.svg]
[themecraze.net/html/alexis/assets/fonts/flags/1x1/et.svg]
[themecraze.net/html/alexis/assets/fonts/flags/4x3/fj.svg]
[themecraze.net/html/alexis/assets/fonts/flags/1x1/fj.svg]
[themecraze.net/html/alexis/assets/fonts/flags/4x3/fk.svg]
[themecraze.net/html/alexis/assets/fonts/flags/1x1/fk.svg]
[themecraze.net/html/alexis/assets/fonts/flags/4x3/fm.svg]
[themecraze.net/html/alexis/assets/fonts/flags/1x1/fm.svg]
[themecraze.net/html/alexis/assets/fonts/flags/4x3/fo.svg]
[themecraze.net/html/alexis/assets/fonts/flags/1x1/fo.svg]
[themecraze.net/html/alexis/assets/fonts/flags/4x3/gb.svg]
[themecraze.net/html/alexis/assets/fonts/flags/1x1/gb.svg]
[themecraze.net/html/alexis/assets/fonts/flags/4x3/gd.svg]
[themecraze.net/html/alexis/assets/fonts/flags/1x1/gd.svg]
[themecraze.net/html/alexis/assets/fonts/flags/4x3/ge.svg]
[themecraze.net/html/alexis/assets/fonts/flags/1x1/ge.svg]
[themecraze.net/html/alexis/assets/fonts/flags/4x3/gg.svg]
[themecraze.net/html/alexis/assets/fonts/flags/1x1/gg.svg]
[themecraze.net/html/alexis/assets/fonts/flags/1x1/gh.svg]
[themecraze.net/html/alexis/assets/fonts/flags/4x3/gi.svg]
[themecraze.net/html/alexis/assets/fonts/flags/1x1/gi.svg]
[themecraze.net/html/alexis/assets/fonts/flags/4x3/gm.svg]
[themecraze.net/html/alexis/assets/fonts/flags/1x1/gm.svg]
[themecraze.net/html/alexis/assets/fonts/flags/4x3/gq.svg]
[themecraze.net/html/alexis/assets/fonts/flags/1x1/gq.svg]
[themecraze.net/html/alexis/assets/fonts/flags/4x3/gr.svg]
[themecraze.net/html/alexis/assets/fonts/flags/1x1/gr.svg]
[themecraze.net/html/alexis/assets/fonts/flags/4x3/gs.svg]
[themecraze.net/html/alexis/assets/fonts/flags/1x1/gs.svg]
[themecraze.net/html/alexis/assets/fonts/flags/4x3/gt.svg]
[themecraze.net/html/alexis/assets/fonts/flags/1x1/gt.svg]
[themecraze.net/html/alexis/assets/fonts/flags/4x3/gu.svg]
[themecraze.net/html/alexis/assets/fonts/flags/1x1/gu.svg]
[themecraze.net/html/alexis/assets/fonts/flags/4x3/gw.svg]
[themecraze.net/html/alexis/assets/fonts/flags/1x1/gw.svg]
[themecraze.net/html/alexis/assets/fonts/flags/4x3/gy.svg]
[themecraze.net/html/alexis/assets/fonts/flags/1x1/gy.svg]
[themecraze.net/html/alexis/assets/fonts/flags/4x3/hk.svg]
[themecraze.net/html/alexis/assets/fonts/flags/1x1/hk.svg]
[themecraze.net/html/alexis/assets/fonts/flags/4x3/hm.svg]
[themecraze.net/html/alexis/assets/fonts/flags/1x1/hm.svg]
[themecraze.net/html/alexis/assets/fonts/flags/4x3/hn.svg]
[themecraze.net/html/alexis/assets/fonts/flags/1x1/hn.svg]
[themecraze.net/html/alexis/assets/fonts/flags/1x1/hr.svg]
[themecraze.net/html/alexis/assets/fonts/flags/4x3/hr.svg]
[themecraze.net/html/alexis/assets/fonts/flags/4x3/ht.svg]
[themecraze.net/html/alexis/assets/fonts/flags/1x1/ht.svg]
[themecraze.net/html/alexis/assets/fonts/flags/4x3/il.svg]
[themecraze.net/html/alexis/assets/fonts/flags/1x1/il.svg]
[themecraze.net/html/alexis/assets/fonts/flags/4x3/im.svg]
[themecraze.net/html/alexis/assets/fonts/flags/1x1/im.svg]
[themecraze.net/html/alexis/assets/fonts/flags/4x3/in.svg]
[themecraze.net/html/alexis/assets/fonts/flags/1x1/in.svg]
[themecraze.net/html/alexis/assets/fonts/flags/4x3/io.svg]
[themecraze.net/html/alexis/assets/fonts/flags/1x1/io.svg]
[themecraze.net/html/alexis/assets/fonts/flags/4x3/iq.svg]
[themecraze.net/html/alexis/assets/fonts/flags/1x1/iq.svg]
[themecraze.net/html/alexis/assets/fonts/flags/4x3/ir.svg]
[themecraze.net/html/alexis/assets/fonts/flags/1x1/ir.svg]
[themecraze.net/html/alexis/assets/fonts/flags/4x3/is.svg]
[themecraze.net/html/alexis/assets/fonts/flags/1x1/is.svg]
[themecraze.net/html/alexis/assets/fonts/flags/4x3/je.svg]
[themecraze.net/html/alexis/assets/fonts/flags/1x1/je.svg]
[themecraze.net/html/alexis/assets/fonts/flags/4x3/jm.svg]
[themecraze.net/html/alexis/assets/fonts/flags/1x1/jm.svg]
[themecraze.net/html/alexis/assets/fonts/flags/4x3/jo.svg]
[themecraze.net/html/alexis/assets/fonts/flags/1x1/jo.svg]
[themecraze.net/html/alexis/assets/fonts/flags/4x3/jp.svg]
[themecraze.net/html/alexis/assets/fonts/flags/1x1/jp.svg]
[themecraze.net/html/alexis/assets/fonts/flags/4x3/ke.svg]
[themecraze.net/html/alexis/assets/fonts/flags/1x1/ke.svg]
[themecraze.net/html/alexis/assets/fonts/flags/4x3/kg.svg]
[themecraze.net/html/alexis/assets/fonts/flags/1x1/kg.svg]
[themecraze.net/html/alexis/assets/fonts/flags/4x3/kh.svg]
[themecraze.net/html/alexis/assets/fonts/flags/1x1/kh.svg]
[themecraze.net/html/alexis/assets/fonts/flags/4x3/ki.svg]
[themecraze.net/html/alexis/assets/fonts/flags/1x1/ki.svg]
[themecraze.net/html/alexis/assets/fonts/flags/4x3/km.svg]
[themecraze.net/html/alexis/assets/fonts/flags/1x1/km.svg]
[themecraze.net/html/alexis/assets/fonts/flags/4x3/kn.svg]
[themecraze.net/html/alexis/assets/fonts/flags/1x1/kn.svg]
[themecraze.net/html/alexis/assets/fonts/flags/4x3/kp.svg]
[themecraze.net/html/alexis/assets/fonts/flags/1x1/kp.svg]
[themecraze.net/html/alexis/assets/fonts/flags/4x3/kr.svg]
[themecraze.net/html/alexis/assets/fonts/flags/1x1/kr.svg]
[themecraze.net/html/alexis/assets/fonts/flags/4x3/kw.svg]
[themecraze.net/html/alexis/assets/fonts/flags/1x1/kw.svg]
[themecraze.net/html/alexis/assets/fonts/flags/4x3/ky.svg]
[themecraze.net/html/alexis/assets/fonts/flags/1x1/ky.svg]
[themecraze.net/html/alexis/assets/fonts/flags/4x3/kz.svg]
[themecraze.net/html/alexis/assets/fonts/flags/1x1/kz.svg]
[themecraze.net/html/alexis/assets/fonts/flags/4x3/la.svg]
[themecraze.net/html/alexis/assets/fonts/flags/1x1/la.svg]
[themecraze.net/html/alexis/assets/fonts/flags/4x3/lb.svg]
[themecraze.net/html/alexis/assets/fonts/flags/1x1/lb.svg]
[themecraze.net/html/alexis/assets/fonts/flags/4x3/lc.svg]
[themecraze.net/html/alexis/assets/fonts/flags/1x1/lc.svg]
[themecraze.net/html/alexis/assets/fonts/flags/4x3/li.svg]
[themecraze.net/html/alexis/assets/fonts/flags/1x1/li.svg]
[themecraze.net/html/alexis/assets/fonts/flags/4x3/lk.svg]
[themecraze.net/html/alexis/assets/fonts/flags/1x1/lk.svg]
[themecraze.net/html/alexis/assets/fonts/flags/4x3/lr.svg]
[themecraze.net/html/alexis/assets/fonts/flags/1x1/lr.svg]
[themecraze.net/html/alexis/assets/fonts/flags/4x3/ls.svg]
[themecraze.net/html/alexis/assets/fonts/flags/1x1/ls.svg]
[themecraze.net/html/alexis/assets/fonts/flags/4x3/lt.svg]
[themecraze.net/html/alexis/assets/fonts/flags/1x1/lt.svg]
[themecraze.net/html/alexis/assets/fonts/flags/4x3/ly.svg]
[themecraze.net/html/alexis/assets/fonts/flags/1x1/ly.svg]
[themecraze.net/html/alexis/assets/fonts/flags/4x3/md.svg]
[themecraze.net/html/alexis/assets/fonts/flags/1x1/md.svg]
[themecraze.net/html/alexis/assets/fonts/flags/4x3/me.svg]
[themecraze.net/html/alexis/assets/fonts/flags/1x1/me.svg]
[themecraze.net/html/alexis/assets/fonts/flags/4x3/mh.svg]
[themecraze.net/html/alexis/assets/fonts/flags/1x1/mh.svg]
[themecraze.net/html/alexis/assets/fonts/flags/4x3/mk.svg]
[themecraze.net/html/alexis/assets/fonts/flags/1x1/mk.svg]
[themecraze.net/html/alexis/assets/fonts/flags/4x3/mm.svg]
[themecraze.net/html/alexis/assets/fonts/flags/1x1/mm.svg]
[themecraze.net/html/alexis/assets/fonts/flags/4x3/mn.svg]
[themecraze.net/html/alexis/assets/fonts/flags/1x1/mn.svg]
[themecraze.net/html/alexis/assets/fonts/flags/4x3/mo.svg]
[themecraze.net/html/alexis/assets/fonts/flags/1x1/mo.svg]
[themecraze.net/html/alexis/assets/fonts/flags/4x3/mp.svg]
[themecraze.net/html/alexis/assets/fonts/flags/1x1/mp.svg]
[themecraze.net/html/alexis/assets/fonts/flags/4x3/mr.svg]
[themecraze.net/html/alexis/assets/fonts/flags/1x1/mr.svg]
[themecraze.net/html/alexis/assets/fonts/flags/4x3/ms.svg]
[themecraze.net/html/alexis/assets/fonts/flags/1x1/ms.svg]
[themecraze.net/html/alexis/assets/fonts/flags/4x3/mt.svg]
[themecraze.net/html/alexis/assets/fonts/flags/1x1/mt.svg]
[themecraze.net/html/alexis/assets/fonts/flags/4x3/mu.svg]
[themecraze.net/html/alexis/assets/fonts/flags/1x1/mu.svg]
[themecraze.net/html/alexis/assets/fonts/flags/1x1/mv.svg]
[themecraze.net/html/alexis/assets/fonts/flags/4x3/mw.svg]
[themecraze.net/html/alexis/assets/fonts/flags/1x1/mw.svg]
[themecraze.net/html/alexis/assets/fonts/flags/4x3/mx.svg]
[themecraze.net/html/alexis/assets/fonts/flags/1x1/mx.svg]
[themecraze.net/html/alexis/assets/fonts/flags/4x3/my.svg]
[themecraze.net/html/alexis/assets/fonts/flags/1x1/my.svg]
[themecraze.net/html/alexis/assets/fonts/flags/4x3/mz.svg]
[themecraze.net/html/alexis/assets/fonts/flags/1x1/mz.svg]
[themecraze.net/html/alexis/assets/fonts/flags/4x3/na.svg]
[themecraze.net/html/alexis/assets/fonts/flags/1x1/na.svg]
[themecraze.net/html/alexis/assets/fonts/flags/4x3/nc.svg]
[themecraze.net/html/alexis/assets/fonts/flags/1x1/nc.svg]
[themecraze.net/html/alexis/assets/fonts/flags/4x3/nf.svg]
[themecraze.net/html/alexis/assets/fonts/flags/1x1/nf.svg]
[themecraze.net/html/alexis/assets/fonts/flags/4x3/ni.svg]
[themecraze.net/html/alexis/assets/fonts/flags/1x1/ni.svg]
[themecraze.net/html/alexis/assets/fonts/flags/4x3/no.svg]
[themecraze.net/html/alexis/assets/fonts/flags/1x1/no.svg]
[themecraze.net/html/alexis/assets/fonts/flags/4x3/np.svg]
[themecraze.net/html/alexis/assets/fonts/flags/1x1/np.svg]
[themecraze.net/html/alexis/assets/fonts/flags/4x3/nr.svg]
[themecraze.net/html/alexis/assets/fonts/flags/1x1/nr.svg]
[themecraze.net/html/alexis/assets/fonts/flags/4x3/nu.svg]
[themecraze.net/html/alexis/assets/fonts/flags/1x1/nu.svg]
[themecraze.net/html/alexis/assets/fonts/flags/4x3/nz.svg]
[themecraze.net/html/alexis/assets/fonts/flags/1x1/nz.svg]
[themecraze.net/html/alexis/assets/fonts/flags/4x3/om.svg]
[themecraze.net/html/alexis/assets/fonts/flags/1x1/om.svg]
[themecraze.net/html/alexis/assets/fonts/flags/4x3/pa.svg]
[themecraze.net/html/alexis/assets/fonts/flags/1x1/pa.svg]
[themecraze.net/html/alexis/assets/fonts/flags/4x3/pf.svg]
[themecraze.net/html/alexis/assets/fonts/flags/1x1/pf.svg]
[themecraze.net/html/alexis/assets/fonts/flags/4x3/pg.svg]
[themecraze.net/html/alexis/assets/fonts/flags/1x1/pg.svg]
[themecraze.net/html/alexis/assets/fonts/flags/4x3/ph.svg]
[themecraze.net/html/alexis/assets/fonts/flags/1x1/ph.svg]
[themecraze.net/html/alexis/assets/fonts/flags/4x3/pk.svg]
[themecraze.net/html/alexis/assets/fonts/flags/1x1/pk.svg]
[themecraze.net/html/alexis/assets/fonts/flags/4x3/pn.svg]
[themecraze.net/html/alexis/assets/fonts/flags/1x1/pn.svg]
[themecraze.net/html/alexis/assets/fonts/flags/4x3/pr.svg]
[themecraze.net/html/alexis/assets/fonts/flags/1x1/pr.svg]
[themecraze.net/html/alexis/assets/fonts/flags/4x3/ps.svg]
[themecraze.net/html/alexis/assets/fonts/flags/1x1/ps.svg]
[themecraze.net/html/alexis/assets/fonts/flags/4x3/pt.svg]
[themecraze.net/html/alexis/assets/fonts/flags/1x1/pt.svg]
[themecraze.net/html/alexis/assets/fonts/flags/4x3/pw.svg]
[themecraze.net/html/alexis/assets/fonts/flags/1x1/pw.svg]
[themecraze.net/html/alexis/assets/fonts/flags/4x3/py.svg]
[themecraze.net/html/alexis/assets/fonts/flags/1x1/py.svg]
[themecraze.net/html/alexis/assets/fonts/flags/4x3/qa.svg]
[themecraze.net/html/alexis/assets/fonts/flags/1x1/qa.svg]
[themecraze.net/html/alexis/assets/fonts/flags/4x3/ro.svg]
[themecraze.net/html/alexis/assets/fonts/flags/1x1/ro.svg]
[themecraze.net/html/alexis/assets/fonts/flags/4x3/rs.svg]
[themecraze.net/html/alexis/assets/fonts/flags/1x1/rs.svg]
[themecraze.net/html/alexis/assets/fonts/flags/4x3/rw.svg]
[themecraze.net/html/alexis/assets/fonts/flags/1x1/rw.svg]
[themecraze.net/html/alexis/assets/fonts/flags/4x3/sa.svg]
[themecraze.net/html/alexis/assets/fonts/flags/1x1/sa.svg]
[themecraze.net/html/alexis/assets/fonts/flags/4x3/sb.svg]
[themecraze.net/html/alexis/assets/fonts/flags/1x1/sb.svg]
[themecraze.net/html/alexis/assets/fonts/flags/4x3/sc.svg]
[themecraze.net/html/alexis/assets/fonts/flags/1x1/sc.svg]
[themecraze.net/html/alexis/assets/fonts/flags/4x3/sd.svg]
[themecraze.net/html/alexis/assets/fonts/flags/1x1/sd.svg]
[themecraze.net/html/alexis/assets/fonts/flags/4x3/sg.svg]
[themecraze.net/html/alexis/assets/fonts/flags/1x1/sg.svg]
[themecraze.net/html/alexis/assets/fonts/flags/4x3/sh.svg]
[themecraze.net/html/alexis/assets/fonts/flags/1x1/sh.svg]
[themecraze.net/html/alexis/assets/fonts/flags/4x3/si.svg]
[themecraze.net/html/alexis/assets/fonts/flags/1x1/si.svg]
[themecraze.net/html/alexis/assets/fonts/flags/4x3/sj.svg]
[themecraze.net/html/alexis/assets/fonts/flags/1x1/sj.svg]
[themecraze.net/html/alexis/assets/fonts/flags/4x3/sk.svg]
[themecraze.net/html/alexis/assets/fonts/flags/1x1/sk.svg]
[themecraze.net/html/alexis/assets/fonts/flags/1x1/sl.svg]
[themecraze.net/html/alexis/assets/fonts/flags/1x1/sm.svg]
[themecraze.net/html/alexis/assets/fonts/flags/4x3/sn.svg]
[themecraze.net/html/alexis/assets/fonts/flags/4x3/sm.svg]
[themecraze.net/html/alexis/assets/fonts/flags/1x1/sn.svg]
[themecraze.net/html/alexis/assets/fonts/flags/4x3/so.svg]
[themecraze.net/html/alexis/assets/fonts/flags/1x1/so.svg]
[themecraze.net/html/alexis/assets/fonts/flags/4x3/sr.svg]
[themecraze.net/html/alexis/assets/fonts/flags/1x1/sr.svg]
[themecraze.net/html/alexis/assets/fonts/flags/4x3/ss.svg]
[themecraze.net/html/alexis/assets/fonts/flags/1x1/ss.svg]
[themecraze.net/html/alexis/assets/fonts/flags/4x3/st.svg]
[themecraze.net/html/alexis/assets/fonts/flags/1x1/st.svg]
[themecraze.net/html/alexis/assets/fonts/flags/4x3/sv.svg]
[themecraze.net/html/alexis/assets/fonts/flags/1x1/sv.svg]
[themecraze.net/html/alexis/assets/fonts/flags/4x3/sx.svg]
[themecraze.net/html/alexis/assets/fonts/flags/1x1/sx.svg]
[themecraze.net/html/alexis/assets/fonts/flags/4x3/sy.svg]
[themecraze.net/html/alexis/assets/fonts/flags/1x1/sy.svg]
[themecraze.net/html/alexis/assets/fonts/flags/4x3/sz.svg]
[themecraze.net/html/alexis/assets/fonts/flags/1x1/sz.svg]
[themecraze.net/html/alexis/assets/fonts/flags/4x3/tc.svg]
[themecraze.net/html/alexis/assets/fonts/flags/1x1/tc.svg]
[themecraze.net/html/alexis/assets/fonts/flags/4x3/tf.svg]
[themecraze.net/html/alexis/assets/fonts/flags/1x1/tf.svg]
[themecraze.net/html/alexis/assets/fonts/flags/4x3/tg.svg]
[themecraze.net/html/alexis/assets/fonts/flags/1x1/tg.svg]
[themecraze.net/html/alexis/assets/fonts/flags/4x3/tj.svg]
[themecraze.net/html/alexis/assets/fonts/flags/1x1/tj.svg]
[themecraze.net/html/alexis/assets/fonts/flags/4x3/tk.svg]
[themecraze.net/html/alexis/assets/fonts/flags/1x1/tk.svg]
[themecraze.net/html/alexis/assets/fonts/flags/4x3/tl.svg]
[themecraze.net/html/alexis/assets/fonts/flags/1x1/tl.svg]
[themecraze.net/html/alexis/assets/fonts/flags/4x3/tm.svg]
[themecraze.net/html/alexis/assets/fonts/flags/1x1/tm.svg]
[themecraze.net/html/alexis/assets/fonts/flags/4x3/tn.svg]
[themecraze.net/html/alexis/assets/fonts/flags/1x1/tn.svg]
[themecraze.net/html/alexis/assets/fonts/flags/4x3/to.svg]
[themecraze.net/html/alexis/assets/fonts/flags/1x1/to.svg]
[themecraze.net/html/alexis/assets/fonts/flags/4x3/tr.svg]
[themecraze.net/html/alexis/assets/fonts/flags/1x1/tr.svg]
[themecraze.net/html/alexis/assets/fonts/flags/4x3/tt.svg]
[themecraze.net/html/alexis/assets/fonts/flags/1x1/tt.svg]
[themecraze.net/html/alexis/assets/fonts/flags/4x3/tv.svg]
[themecraze.net/html/alexis/assets/fonts/flags/1x1/tv.svg]
[themecraze.net/html/alexis/assets/fonts/flags/4x3/tw.svg]
[themecraze.net/html/alexis/assets/fonts/flags/1x1/tw.svg]
[themecraze.net/html/alexis/assets/fonts/flags/4x3/tz.svg]
[themecraze.net/html/alexis/assets/fonts/flags/1x1/tz.svg]
[themecraze.net/html/alexis/assets/fonts/flags/4x3/ug.svg]
[themecraze.net/html/alexis/assets/fonts/flags/1x1/ug.svg]
[themecraze.net/html/alexis/assets/fonts/flags/4x3/um.svg]
[themecraze.net/html/alexis/assets/fonts/flags/1x1/um.svg]
[themecraze.net/html/alexis/assets/fonts/flags/4x3/us.svg]
[themecraze.net/html/alexis/assets/fonts/flags/1x1/us.svg]
[themecraze.net/html/alexis/assets/fonts/flags/4x3/uy.svg]
[themecraze.net/html/alexis/assets/fonts/flags/1x1/uy.svg]
[themecraze.net/html/alexis/assets/fonts/flags/4x3/uz.svg]
[themecraze.net/html/alexis/assets/fonts/flags/1x1/uz.svg]
[themecraze.net/html/alexis/assets/fonts/flags/4x3/va.svg]
[themecraze.net/html/alexis/assets/fonts/flags/1x1/va.svg]
[themecraze.net/html/alexis/assets/fonts/flags/4x3/vc.svg]
[themecraze.net/html/alexis/assets/fonts/flags/1x1/vc.svg]
[themecraze.net/html/alexis/assets/fonts/flags/4x3/ve.svg]
[themecraze.net/html/alexis/assets/fonts/flags/1x1/ve.svg]
[themecraze.net/html/alexis/assets/fonts/flags/4x3/vg.svg]
[themecraze.net/html/alexis/assets/fonts/flags/1x1/vg.svg]
[themecraze.net/html/alexis/assets/fonts/flags/4x3/vi.svg]
[themecraze.net/html/alexis/assets/fonts/flags/1x1/vi.svg]
[themecraze.net/html/alexis/assets/fonts/flags/4x3/vn.svg]
[themecraze.net/html/alexis/assets/fonts/flags/1x1/vn.svg]
[themecraze.net/html/alexis/assets/fonts/flags/4x3/vu.svg]
[themecraze.net/html/alexis/assets/fonts/flags/1x1/vu.svg]
[themecraze.net/html/alexis/assets/fonts/flags/4x3/ws.svg]
[themecraze.net/html/alexis/assets/fonts/flags/1x1/ws.svg]
[themecraze.net/html/alexis/assets/fonts/flags/4x3/za.svg]
[themecraze.net/html/alexis/assets/fonts/flags/1x1/za.svg]
[themecraze.net/html/alexis/assets/fonts/flags/4x3/zm.svg]
[themecraze.net/html/alexis/assets/fonts/flags/1x1/zm.svg]
[themecraze.net/html/alexis/assets/fonts/flags/4x3/zw.svg]
[themecraze.net/html/alexis/assets/fonts/flags/1x1/zw.svg]
[themecraze.net/html/alexis/assets/fonts/flags/4x3/arab.svg]
[themecraze.net/html/alexis/assets/fonts/flags/1x1/arab.svg]
[themecraze.net/html/alexis/assets/fonts/flags/4x3/cefta.svg]
[themecraze.net/html/alexis/assets/fonts/flags/1x1/cefta.svg]
[themecraze.net/html/alexis/assets/fonts/flags/4x3/dg.svg]
[themecraze.net/html/alexis/assets/fonts/flags/1x1/dg.svg]
[themecraze.net/html/alexis/assets/fonts/flags/4x3/eac.svg]
[themecraze.net/html/alexis/assets/fonts/flags/1x1/eac.svg]
[themecraze.net/html/alexis/assets/fonts/flags/4x3/es-ga.svg]
[themecraze.net/html/alexis/assets/fonts/flags/1x1/es-ga.svg]
[themecraze.net/html/alexis/assets/fonts/flags/4x3/es-pv.svg]
[themecraze.net/html/alexis/assets/fonts/flags/1x1/es-pv.svg]
[themecraze.net/html/alexis/assets/fonts/flags/4x3/eu.svg]
[themecraze.net/html/alexis/assets/fonts/flags/1x1/eu.svg]
[themecraze.net/html/alexis/assets/fonts/flags/4x3/gb-nir.svg]
[themecraze.net/html/alexis/assets/fonts/flags/1x1/gb-nir.svg]
[themecraze.net/html/alexis/assets/fonts/flags/4x3/gb-wls.svg]
[themecraze.net/html/alexis/assets/fonts/flags/1x1/gb-wls.svg]
[themecraze.net/html/alexis/assets/fonts/flags/4x3/pc.svg]
[themecraze.net/html/alexis/assets/fonts/flags/1x1/pc.svg]
[themecraze.net/html/alexis/assets/fonts/flags/4x3/sh-ac.svg]
[themecraze.net/html/alexis/assets/fonts/flags/1x1/sh-ac.svg]
[themecraze.net/html/alexis/assets/fonts/flags/4x3/sh-hl.svg]
[themecraze.net/html/alexis/assets/fonts/flags/1x1/sh-hl.svg]
[themecraze.net/html/alexis/assets/fonts/flags/4x3/sh-ta.svg]
[themecraze.net/html/alexis/assets/fonts/flags/1x1/sh-ta.svg]
[themecraze.net/html/alexis/assets/fonts/flags/4x3/un.svg]
[themecraze.net/html/alexis/assets/fonts/flags/1x1/un.svg]
[themecraze.net/html/alexis/assets/fonts/flags/4x3/xk.svg]
[themecraze.net/html/alexis/assets/fonts/css/flag-icons.min.css]
[themecraze.net/html/alexis/assets/fonts/flags/1x1/xk.svg]
[themecraze.net/html/alexis/assets/fonts/flaticon/flaticon_flaticons0bac.woff2]
[themecraze.net/html/alexis/assets/fonts/flaticon/flaticon_flaticons0bac.woff]
[themecraze.net/html/alexis/assets/fonts/flaticon/flaticon_flaticons0bac.eot]
[themecraze.net/html/alexis/assets/fonts/flaticon/flaticon_flaticons0bac.ttf]
[themecraze.net/html/alexis/assets/fonts/flaticon/flaticon_flaticons.css]
[themecraze.net/html/alexis/assets/css/magnific-popup.css]
[themecraze.net/html/alexis/assets/css/aos.css]
[themecraze.net/html/alexis/assets/css/nice-select.css]
[themecraze.net/html/alexis/assets/css/odometer.css]
[themecraze.net/html/alexis/assets/css/swiper-bundle.min.css]
[themecraze.net/html/alexis/assets/images/preloader.svg]
[themecraze.net/html/alexis/Version/index.html]
[themecraze.net/html/alexis/e.html]
[themecraze.net/html/alexis/t.params.html]
[themecraze.net/html/alexis/dist/index.html]
[themecraze.net/html/alexis/assets/fonts/webfonts/alexis.svg]
[themecraze.net/html/alexis/assets/fonts/flags/4x3/xx.svg]
[themecraze.net/html/alexis/assets/fonts/flags/1x1/xx.svg]
[themecraze.net/html/alexis/assets/fonts/flags/4x3/ad.svg]
[themecraze.net/html/alexis/assets/fonts/flags/1x1/ad.svg]
[themecraze.net/html/alexis/assets/fonts/flags/4x3/ae.svg]
[themecraze.net/html/alexis/assets/fonts/flags/1x1/ae.svg]
[themecraze.net/html/alexis/assets/fonts/flags/4x3/af.svg]
[themecraze.net/html/alexis/assets/fonts/flags/1x1/af.svg]
[themecraze.net/html/alexis/assets/fonts/flags/4x3/ag.svg]
[themecraze.net/html/alexis/assets/fonts/flags/1x1/ag.svg]
[themecraze.net/html/alexis/assets/fonts/flags/4x3/ai.svg]
[themecraze.net/html/alexis/assets/fonts/flags/1x1/ai.svg]
[themecraze.net/html/alexis/assets/fonts/flags/4x3/al.svg]
[themecraze.net/html/alexis/assets/fonts/flags/1x1/al.svg]
[themecraze.net/html/alexis/assets/fonts/flags/4x3/am.svg]
[themecraze.net/html/alexis/assets/fonts/flags/1x1/am.svg]
[themecraze.net/html/alexis/assets/fonts/flags/4x3/ao.svg]
[themecraze.net/html/alexis/assets/fonts/flags/1x1/ao.svg]
[themecraze.net/html/alexis/assets/fonts/flags/4x3/aq.svg]
[themecraze.net/html/alexis/assets/fonts/flags/1x1/aq.svg]
[themecraze.net/html/alexis/assets/fonts/flags/4x3/ar.svg]
[themecraze.net/html/alexis/assets/fonts/flags/1x1/ar.svg]
[themecraze.net/html/alexis/assets/fonts/flags/4x3/as.svg]
[themecraze.net/html/alexis/assets/fonts/flags/1x1/as.svg]
[themecraze.net/html/alexis/assets/fonts/flags/4x3/at.svg]
[themecraze.net/html/alexis/assets/fonts/flags/1x1/at.svg]
[themecraze.net/html/alexis/assets/fonts/flags/4x3/au.svg]
[themecraze.net/html/alexis/assets/fonts/flags/1x1/au.svg]
[themecraze.net/html/alexis/assets/fonts/flags/4x3/aw.svg]
[themecraze.net/html/alexis/assets/fonts/flags/1x1/aw.svg]
[themecraze.net/html/alexis/assets/fonts/flags/4x3/ax.svg]
[themecraze.net/html/alexis/assets/fonts/flags/1x1/ax.svg]
[themecraze.net/html/alexis/assets/fonts/flags/4x3/az.svg]
[themecraze.net/html/alexis/assets/fonts/flags/1x1/az.svg]
[themecraze.net/html/alexis/assets/fonts/flags/4x3/ba.svg]
[themecraze.net/html/alexis/assets/fonts/flags/1x1/ba.svg]
[themecraze.net/html/alexis/assets/fonts/flags/4x3/bb.svg]
[themecraze.net/html/alexis/assets/fonts/flags/1x1/bb.svg]
[themecraze.net/html/alexis/assets/fonts/flags/4x3/bd.svg]
[themecraze.net/html/alexis/assets/fonts/flags/1x1/bd.svg]
[themecraze.net/html/alexis/assets/fonts/flags/4x3/be.svg]
[themecraze.net/html/alexis/assets/fonts/flags/1x1/be.svg]
[themecraze.net/html/alexis/assets/fonts/flags/4x3/bf.svg]
[themecraze.net/html/alexis/assets/fonts/flags/1x1/bf.svg]
[themecraze.net/html/alexis/assets/fonts/flags/4x3/bg.svg]
[themecraze.net/html/alexis/assets/fonts/flags/1x1/bg.svg]
[themecraze.net/html/alexis/assets/fonts/flags/4x3/bh.svg]
[themecraze.net/html/alexis/assets/fonts/flags/1x1/bh.svg]
[themecraze.net/html/alexis/assets/fonts/flags/4x3/bi.svg]
[themecraze.net/html/alexis/assets/fonts/flags/1x1/bi.svg]
[themecraze.net/html/alexis/assets/fonts/flags/4x3/bj.svg]
[themecraze.net/html/alexis/assets/fonts/flags/1x1/bj.svg]
[themecraze.net/html/alexis/assets/fonts/flags/4x3/bl.svg]
[themecraze.net/html/alexis/assets/fonts/flags/1x1/bl.svg]
[themecraze.net/html/alexis/assets/fonts/flags/4x3/bm.svg]
[themecraze.net/html/alexis/assets/fonts/flags/1x1/bm.svg]
[themecraze.net/html/alexis/assets/fonts/flags/4x3/bn.svg]
[themecraze.net/html/alexis/assets/fonts/flags/1x1/bn.svg]
[themecraze.net/html/alexis/assets/fonts/flags/4x3/bo.svg]
[themecraze.net/html/alexis/assets/fonts/flags/1x1/bo.svg]
[themecraze.net/html/alexis/assets/fonts/flags/4x3/bq.svg]
[themecraze.net/html/alexis/assets/fonts/flags/1x1/bq.svg]
[themecraze.net/html/alexis/assets/fonts/flags/4x3/br.svg]
[themecraze.net/html/alexis/assets/fonts/flags/1x1/br.svg]
[themecraze.net/html/alexis/assets/fonts/flags/4x3/bs.svg]
[themecraze.net/html/alexis/assets/fonts/flags/1x1/bs.svg]
[themecraze.net/html/alexis/assets/fonts/flags/4x3/bt.svg]
[themecraze.net/html/alexis/assets/fonts/flags/1x1/bt.svg]
[themecraze.net/html/alexis/assets/fonts/flags/4x3/bv.svg]
[themecraze.net/html/alexis/assets/fonts/flags/1x1/bv.svg]
[themecraze.net/html/alexis/assets/fonts/flags/4x3/bw.svg]
[themecraze.net/html/alexis/assets/fonts/flags/1x1/bw.svg]
[themecraze.net/html/alexis/assets/fonts/flags/4x3/by.svg]
[themecraze.net/html/alexis/assets/fonts/flags/1x1/by.svg]
[themecraze.net/html/alexis/assets/fonts/flags/4x3/bz.svg]
[themecraze.net/html/alexis/assets/fonts/flags/1x1/bz.svg]
[themecraze.net/html/alexis/assets/fonts/flags/4x3/ca.svg]
[themecraze.net/html/alexis/assets/fonts/flags/1x1/ca.svg]
[themecraze.net/html/alexis/assets/fonts/flags/4x3/cc.svg]
[themecraze.net/html/alexis/assets/fonts/flags/1x1/cc.svg]
[themecraze.net/html/alexis/assets/fonts/flags/4x3/cd.svg]
[themecraze.net/html/alexis/assets/fonts/flags/1x1/cd.svg]
[themecraze.net/html/alexis/assets/fonts/flags/4x3/cf.svg]
[themecraze.net/html/alexis/assets/fonts/flags/1x1/cf.svg]
[themecraze.net/html/alexis/assets/fonts/flags/4x3/cg.svg]
[themecraze.net/html/alexis/assets/fonts/flags/1x1/cg.svg]
[themecraze.net/html/alexis/assets/fonts/flags/4x3/ch.svg]
[themecraze.net/html/alexis/assets/fonts/flags/1x1/ch.svg]
[themecraze.net/html/alexis/assets/fonts/flags/4x3/ci.svg]
[themecraze.net/html/alexis/assets/fonts/flags/1x1/ci.svg]
[themecraze.net/html/alexis/assets/fonts/flags/4x3/ck.svg]
[themecraze.net/html/alexis/assets/fonts/flags/1x1/ck.svg]
[themecraze.net/html/alexis/assets/fonts/flags/4x3/cl.svg]
[themecraze.net/html/alexis/assets/fonts/flags/1x1/cl.svg]
[themecraze.net/html/alexis/assets/fonts/flags/4x3/cm.svg]
[themecraze.net/html/alexis/assets/fonts/flags/1x1/cm.svg]
[themecraze.net/html/alexis/assets/fonts/flags/4x3/cn.svg]
[themecraze.net/html/alexis/assets/fonts/flags/1x1/cn.svg]
[themecraze.net/html/alexis/assets/fonts/flags/4x3/co.svg]
[themecraze.net/html/alexis/assets/fonts/flags/1x1/co.svg]
[themecraze.net/html/alexis/assets/fonts/flags/4x3/cr.svg]
[themecraze.net/html/alexis/assets/fonts/flags/1x1/cr.svg]
[themecraze.net/html/alexis/assets/fonts/flags/4x3/cu.svg]
[themecraze.net/html/alexis/assets/fonts/flags/1x1/cu.svg]
[themecraze.net/html/alexis/assets/fonts/flags/4x3/cv.svg]
[themecraze.net/html/alexis/assets/fonts/flags/1x1/cv.svg]
[themecraze.net/html/alexis/assets/fonts/flags/4x3/cw.svg]
[themecraze.net/html/alexis/assets/fonts/flags/1x1/cw.svg]
[themecraze.net/html/alexis/assets/fonts/flags/4x3/cx.svg]
[themecraze.net/html/alexis/assets/fonts/flags/1x1/cx.svg]
[themecraze.net/html/alexis/assets/fonts/flags/4x3/cy.svg]
[themecraze.net/html/alexis/assets/fonts/flags/1x1/cy.svg]
[themecraze.net/html/alexis/assets/fonts/flags/4x3/cz.svg]
[themecraze.net/html/alexis/assets/fonts/flags/1x1/cz.svg]
[themecraze.net/html/alexis/assets/fonts/flags/4x3/de.svg]
[themecraze.net/html/alexis/assets/fonts/flags/1x1/de.svg]
[themecraze.net/html/alexis/assets/fonts/flags/4x3/dj.svg]
[themecraze.net/html/alexis/assets/fonts/flags/1x1/dj.svg]
[themecraze.net/html/alexis/assets/fonts/flags/4x3/dk.svg]
[themecraze.net/html/alexis/assets/fonts/flags/1x1/dk.svg]
[themecraze.net/html/alexis/assets/fonts/flags/4x3/dm.svg]
[themecraze.net/html/alexis/assets/fonts/flags/1x1/dm.svg]
[themecraze.net/html/alexis/assets/fonts/flags/4x3/do.svg]
[themecraze.net/html/alexis/assets/fonts/flags/1x1/do.svg]
[themecraze.net/html/alexis/assets/fonts/flags/4x3/dz.svg]
[themecraze.net/html/alexis/assets/fonts/flags/1x1/dz.svg]
[themecraze.net/html/alexis/assets/fonts/flags/4x3/ec.svg]
[themecraze.net/html/alexis/assets/fonts/flags/1x1/ec.svg]
[themecraze.net/html/alexis/assets/fonts/flags/4x3/ee.svg]
[themecraze.net/html/alexis/assets/fonts/flags/1x1/ee.svg]
[themecraze.net/html/alexis/assets/fonts/flags/4x3/eg.svg]
[themecraze.net/html/alexis/assets/fonts/flags/1x1/eg.svg]
[themecraze.net/html/alexis/assets/fonts/flags/4x3/eh.svg]
[themecraze.net/html/alexis/assets/fonts/flags/1x1/eh.svg]
[themecraze.net/html/alexis/assets/fonts/flags/4x3/er.svg]
[themecraze.net/html/alexis/assets/fonts/flags/1x1/er.svg]
[themecraze.net/html/alexis/assets/fonts/flags/4x3/es.svg]
[themecraze.net/html/alexis/assets/fonts/flags/1x1/es.svg]
[themecraze.net/html/alexis/assets/fonts/flags/4x3/et.svg]
[themecraze.net/html/alexis/assets/fonts/flags/1x1/et.svg]
[themecraze.net/html/alexis/assets/fonts/flags/4x3/fi.svg]
[themecraze.net/html/alexis/assets/fonts/flags/1x1/fi.svg]
[themecraze.net/html/alexis/assets/fonts/flags/4x3/fj.svg]
[themecraze.net/html/alexis/assets/fonts/flags/1x1/fj.svg]
[themecraze.net/html/alexis/assets/fonts/flags/4x3/fk.svg]
[themecraze.net/html/alexis/assets/fonts/flags/1x1/fk.svg]
[themecraze.net/html/alexis/assets/fonts/flags/4x3/fm.svg]
[themecraze.net/html/alexis/assets/fonts/flags/1x1/fm.svg]
[themecraze.net/html/alexis/assets/fonts/flags/4x3/fo.svg]
[themecraze.net/html/alexis/assets/fonts/flags/1x1/fo.svg]
[themecraze.net/html/alexis/assets/fonts/flags/4x3/fr.svg]
[themecraze.net/html/alexis/assets/fonts/flags/1x1/fr.svg]
[themecraze.net/html/alexis/assets/fonts/flags/4x3/ga.svg]
[themecraze.net/html/alexis/assets/fonts/flags/1x1/ga.svg]
[themecraze.net/html/alexis/assets/fonts/flags/4x3/gb.svg]
[themecraze.net/html/alexis/assets/fonts/flags/1x1/gb.svg]
[themecraze.net/html/alexis/assets/fonts/flags/4x3/gd.svg]
[themecraze.net/html/alexis/assets/fonts/flags/1x1/gd.svg]
[themecraze.net/html/alexis/assets/fonts/flags/4x3/ge.svg]
[themecraze.net/html/alexis/assets/fonts/flags/1x1/ge.svg]
[themecraze.net/html/alexis/assets/fonts/flags/4x3/gf.svg]
[themecraze.net/html/alexis/assets/fonts/flags/1x1/gf.svg]
[themecraze.net/html/alexis/assets/fonts/flags/4x3/gg.svg]
[themecraze.net/html/alexis/assets/fonts/flags/1x1/gg.svg]
[themecraze.net/html/alexis/assets/fonts/flags/4x3/gh.svg]
[themecraze.net/html/alexis/assets/fonts/flags/1x1/gh.svg]
[themecraze.net/html/alexis/assets/fonts/flags/4x3/gi.svg]
[themecraze.net/html/alexis/assets/fonts/flags/1x1/gi.svg]
[themecraze.net/html/alexis/assets/fonts/flags/4x3/gl.svg]
[themecraze.net/html/alexis/assets/fonts/flags/1x1/gl.svg]
[themecraze.net/html/alexis/assets/fonts/flags/4x3/gm.svg]
[themecraze.net/html/alexis/assets/fonts/flags/1x1/gm.svg]
[themecraze.net/html/alexis/assets/fonts/flags/4x3/gn.svg]
[themecraze.net/html/alexis/assets/fonts/flags/1x1/gn.svg]
[themecraze.net/html/alexis/assets/fonts/flags/4x3/gp.svg]
[themecraze.net/html/alexis/assets/fonts/flags/1x1/gp.svg]
[themecraze.net/html/alexis/assets/fonts/flags/4x3/gq.svg]
[themecraze.net/html/alexis/assets/fonts/flags/1x1/gq.svg]
[themecraze.net/html/alexis/assets/fonts/flags/4x3/gr.svg]
[themecraze.net/html/alexis/assets/fonts/flags/1x1/gr.svg]
[themecraze.net/html/alexis/assets/fonts/flags/4x3/gs.svg]
[themecraze.net/html/alexis/assets/fonts/flags/1x1/gs.svg]
[themecraze.net/html/alexis/assets/fonts/flags/4x3/gt.svg]
[themecraze.net/html/alexis/assets/fonts/flags/1x1/gt.svg]
[themecraze.net/html/alexis/assets/fonts/flags/4x3/gu.svg]
[themecraze.net/html/alexis/assets/fonts/flags/1x1/gu.svg]
[themecraze.net/html/alexis/assets/fonts/flags/4x3/gw.svg]
[themecraze.net/html/alexis/assets/fonts/flags/1x1/gw.svg]
[themecraze.net/html/alexis/assets/fonts/flags/4x3/gy.svg]
[themecraze.net/html/alexis/assets/fonts/flags/1x1/gy.svg]
[themecraze.net/html/alexis/assets/fonts/flags/4x3/hk.svg]
[themecraze.net/html/alexis/assets/fonts/flags/1x1/hk.svg]
[themecraze.net/html/alexis/assets/fonts/flags/4x3/hm.svg]
[themecraze.net/html/alexis/assets/fonts/flags/1x1/hm.svg]
[themecraze.net/html/alexis/assets/fonts/flags/4x3/hn.svg]
[themecraze.net/html/alexis/assets/fonts/flags/1x1/hn.svg]
[themecraze.net/html/alexis/assets/fonts/flags/4x3/hr.svg]
[themecraze.net/html/alexis/assets/fonts/flags/1x1/hr.svg]
[themecraze.net/html/alexis/assets/fonts/flags/4x3/ht.svg]
[themecraze.net/html/alexis/assets/fonts/flags/1x1/ht.svg]
[themecraze.net/html/alexis/assets/fonts/flags/4x3/hu.svg]
[themecraze.net/html/alexis/assets/fonts/flags/1x1/hu.svg]
[themecraze.net/html/alexis/assets/fonts/flags/4x3/id.svg]
[themecraze.net/html/alexis/assets/fonts/flags/1x1/id.svg]
[themecraze.net/html/alexis/assets/fonts/flags/4x3/ie.svg]
[themecraze.net/html/alexis/assets/fonts/flags/1x1/ie.svg]
[themecraze.net/html/alexis/assets/fonts/flags/4x3/il.svg]
[themecraze.net/html/alexis/assets/fonts/flags/1x1/il.svg]
[themecraze.net/html/alexis/assets/fonts/flags/4x3/im.svg]
[themecraze.net/html/alexis/assets/fonts/flags/1x1/im.svg]
[themecraze.net/html/alexis/assets/fonts/flags/4x3/in.svg]
[themecraze.net/html/alexis/assets/fonts/flags/1x1/in.svg]
[themecraze.net/html/alexis/assets/fonts/flags/4x3/io.svg]
[themecraze.net/html/alexis/assets/fonts/flags/1x1/io.svg]
[themecraze.net/html/alexis/assets/fonts/flags/4x3/iq.svg]
[themecraze.net/html/alexis/assets/fonts/flags/1x1/iq.svg]
[themecraze.net/html/alexis/assets/fonts/flags/4x3/ir.svg]
[themecraze.net/html/alexis/assets/fonts/flags/1x1/ir.svg]
[themecraze.net/html/alexis/assets/fonts/flags/4x3/is.svg]
[themecraze.net/html/alexis/assets/fonts/flags/1x1/is.svg]
[themecraze.net/html/alexis/assets/fonts/flags/4x3/it.svg]
[themecraze.net/html/alexis/assets/fonts/flags/1x1/it.svg]
[themecraze.net/html/alexis/assets/fonts/flags/4x3/je.svg]
[themecraze.net/html/alexis/assets/fonts/flags/1x1/je.svg]
[themecraze.net/html/alexis/assets/fonts/flags/4x3/jm.svg]
[themecraze.net/html/alexis/assets/fonts/flags/1x1/jm.svg]
[themecraze.net/html/alexis/assets/fonts/flags/4x3/jo.svg]
[themecraze.net/html/alexis/assets/fonts/flags/1x1/jo.svg]
[themecraze.net/html/alexis/assets/fonts/flags/4x3/jp.svg]
[themecraze.net/html/alexis/assets/fonts/flags/1x1/jp.svg]
[themecraze.net/html/alexis/assets/fonts/flags/4x3/ke.svg]
[themecraze.net/html/alexis/assets/fonts/flags/1x1/ke.svg]
[themecraze.net/html/alexis/assets/fonts/flags/4x3/kg.svg]
[themecraze.net/html/alexis/assets/fonts/flags/1x1/kg.svg]
[themecraze.net/html/alexis/assets/fonts/flags/4x3/kh.svg]
[themecraze.net/html/alexis/assets/fonts/flags/1x1/kh.svg]
[themecraze.net/html/alexis/assets/fonts/flags/4x3/ki.svg]
[themecraze.net/html/alexis/assets/fonts/flags/1x1/ki.svg]
[themecraze.net/html/alexis/assets/fonts/flags/4x3/km.svg]
[themecraze.net/html/alexis/assets/fonts/flags/1x1/km.svg]
[themecraze.net/html/alexis/assets/fonts/flags/4x3/kn.svg]
[themecraze.net/html/alexis/assets/fonts/flags/1x1/kn.svg]
[themecraze.net/html/alexis/assets/fonts/flags/4x3/kp.svg]
[themecraze.net/html/alexis/assets/fonts/flags/1x1/kp.svg]
[themecraze.net/html/alexis/assets/fonts/flags/4x3/kr.svg]
[themecraze.net/html/alexis/assets/fonts/flags/1x1/kr.svg]
[themecraze.net/html/alexis/assets/fonts/flags/4x3/kw.svg]
[themecraze.net/html/alexis/assets/fonts/flags/1x1/kw.svg]
[themecraze.net/html/alexis/assets/fonts/flags/4x3/ky.svg]
[themecraze.net/html/alexis/assets/fonts/flags/1x1/ky.svg]
[themecraze.net/html/alexis/assets/fonts/flags/4x3/kz.svg]
[themecraze.net/html/alexis/assets/fonts/flags/1x1/kz.svg]
[themecraze.net/html/alexis/assets/fonts/flags/4x3/la.svg]
[themecraze.net/html/alexis/assets/fonts/flags/1x1/la.svg]
[themecraze.net/html/alexis/assets/fonts/flags/4x3/lb.svg]
[themecraze.net/html/alexis/assets/fonts/flags/1x1/lb.svg]
[themecraze.net/html/alexis/assets/fonts/flags/4x3/lc.svg]
[themecraze.net/html/alexis/assets/fonts/flags/1x1/lc.svg]
[themecraze.net/html/alexis/assets/fonts/flags/4x3/li.svg]
[themecraze.net/html/alexis/assets/fonts/flags/1x1/li.svg]
[themecraze.net/html/alexis/assets/fonts/flags/4x3/lk.svg]
[themecraze.net/html/alexis/assets/fonts/flags/1x1/lk.svg]
[themecraze.net/html/alexis/assets/fonts/flags/4x3/lr.svg]
[themecraze.net/html/alexis/assets/fonts/flags/1x1/lr.svg]
[themecraze.net/html/alexis/assets/fonts/flags/4x3/ls.svg]
[themecraze.net/html/alexis/assets/fonts/flags/1x1/ls.svg]
[themecraze.net/html/alexis/assets/fonts/flags/4x3/lt.svg]
[themecraze.net/html/alexis/assets/fonts/flags/1x1/lt.svg]
[themecraze.net/html/alexis/assets/fonts/flags/4x3/lu.svg]
[themecraze.net/html/alexis/assets/fonts/flags/1x1/lu.svg]
[themecraze.net/html/alexis/assets/fonts/flags/4x3/lv.svg]
[themecraze.net/html/alexis/assets/fonts/flags/1x1/lv.svg]
[themecraze.net/html/alexis/assets/fonts/flags/4x3/ly.svg]
[themecraze.net/html/alexis/assets/fonts/flags/1x1/ly.svg]
[themecraze.net/html/alexis/assets/fonts/flags/4x3/ma.svg]
[themecraze.net/html/alexis/assets/fonts/flags/1x1/ma.svg]
[themecraze.net/html/alexis/assets/fonts/flags/4x3/mc.svg]
[themecraze.net/html/alexis/assets/fonts/flags/1x1/mc.svg]
[themecraze.net/html/alexis/assets/fonts/flags/4x3/md.svg]
[themecraze.net/html/alexis/assets/fonts/flags/1x1/md.svg]
[themecraze.net/html/alexis/assets/fonts/flags/4x3/me.svg]
[themecraze.net/html/alexis/assets/fonts/flags/1x1/me.svg]
[themecraze.net/html/alexis/assets/fonts/flags/4x3/mf.svg]
[themecraze.net/html/alexis/assets/fonts/flags/1x1/mf.svg]
[themecraze.net/html/alexis/assets/fonts/flags/4x3/mg.svg]
[themecraze.net/html/alexis/assets/fonts/flags/1x1/mg.svg]
[themecraze.net/html/alexis/assets/fonts/flags/4x3/mh.svg]
[themecraze.net/html/alexis/assets/fonts/flags/1x1/mh.svg]
[themecraze.net/html/alexis/assets/fonts/flags/4x3/mk.svg]
[themecraze.net/html/alexis/assets/fonts/flags/1x1/mk.svg]
[themecraze.net/html/alexis/assets/fonts/flags/4x3/ml.svg]
[themecraze.net/html/alexis/assets/fonts/flags/1x1/ml.svg]
[themecraze.net/html/alexis/assets/fonts/flags/4x3/mm.svg]
[themecraze.net/html/alexis/assets/fonts/flags/1x1/mm.svg]
[themecraze.net/html/alexis/assets/fonts/flags/4x3/mn.svg]
[themecraze.net/html/alexis/assets/fonts/flags/1x1/mn.svg]
[themecraze.net/html/alexis/assets/fonts/flags/4x3/mo.svg]
[themecraze.net/html/alexis/assets/fonts/flags/1x1/mo.svg]
[themecraze.net/html/alexis/assets/fonts/flags/4x3/mp.svg]
[themecraze.net/html/alexis/assets/fonts/flags/1x1/mp.svg]
[themecraze.net/html/alexis/assets/fonts/flags/4x3/mq.svg]
[themecraze.net/html/alexis/assets/fonts/flags/1x1/mq.svg]
[themecraze.net/html/alexis/assets/fonts/flags/4x3/mr.svg]
[themecraze.net/html/alexis/assets/fonts/flags/1x1/mr.svg]
[themecraze.net/html/alexis/assets/fonts/flags/4x3/ms.svg]
[themecraze.net/html/alexis/assets/fonts/flags/1x1/ms.svg]
[themecraze.net/html/alexis/assets/fonts/flags/4x3/mt.svg]
[themecraze.net/html/alexis/assets/fonts/flags/1x1/mt.svg]
[themecraze.net/html/alexis/assets/fonts/flags/4x3/mu.svg]
[themecraze.net/html/alexis/assets/fonts/flags/1x1/mu.svg]
[themecraze.net/html/alexis/assets/fonts/flags/4x3/mv.svg]
[themecraze.net/html/alexis/assets/fonts/flags/1x1/mv.svg]
[themecraze.net/html/alexis/assets/fonts/flags/4x3/mw.svg]
[themecraze.net/html/alexis/assets/fonts/flags/1x1/mw.svg]
[themecraze.net/html/alexis/assets/fonts/flags/4x3/mx.svg]
[themecraze.net/html/alexis/assets/fonts/flags/1x1/mx.svg]
[themecraze.net/html/alexis/assets/fonts/flags/4x3/my.svg]
[themecraze.net/html/alexis/assets/fonts/flags/1x1/my.svg]
[themecraze.net/html/alexis/assets/fonts/flags/4x3/mz.svg]
[themecraze.net/html/alexis/assets/fonts/flags/1x1/mz.svg]
[themecraze.net/html/alexis/assets/fonts/flags/4x3/na.svg]
[themecraze.net/html/alexis/assets/fonts/flags/1x1/na.svg]
[themecraze.net/html/alexis/assets/fonts/flags/4x3/nc.svg]
[themecraze.net/html/alexis/assets/fonts/flags/1x1/nc.svg]
[themecraze.net/html/alexis/assets/fonts/flags/4x3/ne.svg]
[themecraze.net/html/alexis/assets/fonts/flags/1x1/ne.svg]
[themecraze.net/html/alexis/assets/fonts/flags/4x3/nf.svg]
[themecraze.net/html/alexis/assets/fonts/flags/1x1/nf.svg]
[themecraze.net/html/alexis/assets/fonts/flags/4x3/ng.svg]
[themecraze.net/html/alexis/assets/fonts/flags/1x1/ng.svg]
[themecraze.net/html/alexis/assets/fonts/flags/4x3/ni.svg]
[themecraze.net/html/alexis/assets/fonts/flags/1x1/ni.svg]
[themecraze.net/html/alexis/assets/fonts/flags/4x3/nl.svg]
[themecraze.net/html/alexis/assets/fonts/flags/1x1/nl.svg]
[themecraze.net/html/alexis/assets/fonts/flags/4x3/no.svg]
[themecraze.net/html/alexis/assets/fonts/flags/1x1/no.svg]
[themecraze.net/html/alexis/assets/fonts/flags/4x3/np.svg]
[themecraze.net/html/alexis/assets/fonts/flags/1x1/np.svg]
[themecraze.net/html/alexis/assets/fonts/flags/4x3/nr.svg]
[themecraze.net/html/alexis/assets/fonts/flags/1x1/nr.svg]
[themecraze.net/html/alexis/assets/fonts/flags/4x3/nu.svg]
[themecraze.net/html/alexis/assets/fonts/flags/1x1/nu.svg]
[themecraze.net/html/alexis/assets/fonts/flags/4x3/nz.svg]
[themecraze.net/html/alexis/assets/fonts/flags/1x1/nz.svg]
[themecraze.net/html/alexis/assets/fonts/flags/4x3/om.svg]
[themecraze.net/html/alexis/assets/fonts/flaticon/flaticon_flaticons0bac.svg]
[themecraze.net/html/alexis/assets/fonts/flags/1x1/om.svg]
[themecraze.net/html/alexis/assets/fonts/flags/4x3/pa.svg]
[themecraze.net/html/alexis/assets/fonts/flags/1x1/pa.svg]
[themecraze.net/html/alexis/assets/fonts/flags/4x3/pe.svg]
[themecraze.net/html/alexis/assets/fonts/flags/1x1/pe.svg]
[themecraze.net/html/alexis/assets/fonts/flags/4x3/pf.svg]
[themecraze.net/html/alexis/assets/fonts/flags/1x1/pf.svg]
[themecraze.net/html/alexis/assets/fonts/flags/4x3/pg.svg]
[themecraze.net/html/alexis/assets/fonts/flags/1x1/pg.svg]
[themecraze.net/html/alexis/assets/fonts/flags/4x3/ph.svg]
[themecraze.net/html/alexis/assets/fonts/flags/1x1/ph.svg]
[themecraze.net/html/alexis/assets/fonts/flags/4x3/pk.svg]
[themecraze.net/html/alexis/assets/fonts/flags/1x1/pk.svg]
[themecraze.net/html/alexis/assets/fonts/flags/4x3/pl.svg]
[themecraze.net/html/alexis/assets/fonts/flags/1x1/pl.svg]
[themecraze.net/html/alexis/assets/fonts/flags/4x3/pm.svg]
[themecraze.net/html/alexis/assets/fonts/flags/1x1/pm.svg]
[themecraze.net/html/alexis/assets/fonts/flags/4x3/pn.svg]
[themecraze.net/html/alexis/assets/fonts/flags/1x1/pn.svg]
[themecraze.net/html/alexis/assets/fonts/flags/4x3/pr.svg]
[themecraze.net/html/alexis/assets/fonts/flags/1x1/pr.svg]
[themecraze.net/html/alexis/assets/fonts/flags/4x3/ps.svg]
[themecraze.net/html/alexis/assets/fonts/flags/1x1/ps.svg]
[themecraze.net/html/alexis/assets/fonts/flags/4x3/pt.svg]
[themecraze.net/html/alexis/assets/fonts/flags/1x1/pt.svg]
[themecraze.net/html/alexis/assets/fonts/flags/4x3/pw.svg]
[themecraze.net/html/alexis/assets/fonts/flags/1x1/pw.svg]
[themecraze.net/html/alexis/assets/fonts/flags/4x3/py.svg]
[themecraze.net/html/alexis/assets/fonts/flags/1x1/py.svg]
[themecraze.net/html/alexis/assets/fonts/flags/4x3/qa.svg]
[themecraze.net/html/alexis/assets/fonts/flags/1x1/qa.svg]
[themecraze.net/html/alexis/assets/fonts/flags/4x3/re.svg]
[themecraze.net/html/alexis/assets/fonts/flags/1x1/re.svg]
[themecraze.net/html/alexis/assets/fonts/flags/4x3/ro.svg]
[themecraze.net/html/alexis/assets/fonts/flags/1x1/ro.svg]
[themecraze.net/html/alexis/assets/fonts/flags/4x3/rs.svg]
[themecraze.net/html/alexis/assets/fonts/flags/1x1/rs.svg]
[themecraze.net/html/alexis/assets/fonts/flags/4x3/ru.svg]
[themecraze.net/html/alexis/assets/fonts/flags/1x1/ru.svg]
[themecraze.net/html/alexis/assets/fonts/flags/4x3/rw.svg]
[themecraze.net/html/alexis/assets/fonts/flags/1x1/rw.svg]
[themecraze.net/html/alexis/assets/fonts/flags/4x3/sa.svg]
[themecraze.net/html/alexis/assets/fonts/flags/1x1/sa.svg]
[themecraze.net/html/alexis/assets/fonts/flags/4x3/sb.svg]
[themecraze.net/html/alexis/assets/fonts/flags/1x1/sb.svg]
[themecraze.net/html/alexis/assets/fonts/flags/4x3/sc.svg]
[themecraze.net/html/alexis/assets/fonts/flags/1x1/sc.svg]
[themecraze.net/html/alexis/assets/fonts/flags/4x3/sd.svg]
[themecraze.net/html/alexis/assets/fonts/flags/1x1/sd.svg]
[themecraze.net/html/alexis/assets/fonts/flags/4x3/se.svg]
[themecraze.net/html/alexis/assets/fonts/flags/1x1/se.svg]
[themecraze.net/html/alexis/assets/fonts/flags/4x3/sg.svg]
[themecraze.net/html/alexis/assets/fonts/flags/1x1/sg.svg]
[themecraze.net/html/alexis/assets/fonts/flags/4x3/sh.svg]
[themecraze.net/html/alexis/assets/fonts/flags/1x1/sh.svg]
[themecraze.net/html/alexis/assets/fonts/flags/4x3/si.svg]
[themecraze.net/html/alexis/assets/fonts/flags/1x1/si.svg]
[themecraze.net/html/alexis/assets/fonts/flags/4x3/sj.svg]
[themecraze.net/html/alexis/assets/fonts/flags/1x1/sj.svg]
[themecraze.net/html/alexis/assets/fonts/flags/4x3/sk.svg]
[themecraze.net/html/alexis/assets/fonts/flags/1x1/sk.svg]
[themecraze.net/html/alexis/assets/fonts/flags/4x3/sl.svg]
[themecraze.net/html/alexis/assets/fonts/flags/1x1/sl.svg]
[themecraze.net/html/alexis/assets/fonts/flags/4x3/sm.svg]
[themecraze.net/html/alexis/assets/fonts/flags/1x1/sm.svg]
[themecraze.net/html/alexis/assets/fonts/flags/4x3/sn.svg]
[themecraze.net/html/alexis/assets/fonts/flags/1x1/sn.svg]
[themecraze.net/html/alexis/assets/fonts/flags/4x3/so.svg]
[themecraze.net/html/alexis/assets/fonts/flags/1x1/so.svg]
[themecraze.net/html/alexis/assets/fonts/flags/4x3/sr.svg]
[themecraze.net/html/alexis/assets/fonts/flags/1x1/sr.svg]
[themecraze.net/html/alexis/assets/fonts/flags/4x3/ss.svg]
[themecraze.net/html/alexis/assets/fonts/flags/1x1/ss.svg]
[themecraze.net/html/alexis/assets/fonts/flags/4x3/st.svg]
[themecraze.net/html/alexis/assets/fonts/flags/1x1/st.svg]
[themecraze.net/html/alexis/assets/fonts/flags/4x3/sv.svg]
[themecraze.net/html/alexis/assets/fonts/flags/1x1/sv.svg]
[themecraze.net/html/alexis/assets/fonts/flags/4x3/sx.svg]
[themecraze.net/html/alexis/assets/fonts/flags/1x1/sx.svg]
[themecraze.net/html/alexis/assets/fonts/flags/4x3/sy.svg]
[themecraze.net/html/alexis/assets/fonts/flags/1x1/sy.svg]
[themecraze.net/html/alexis/assets/fonts/flags/4x3/sz.svg]
[themecraze.net/html/alexis/assets/fonts/flags/1x1/sz.svg]
[themecraze.net/html/alexis/assets/fonts/flags/4x3/tc.svg]
[themecraze.net/html/alexis/assets/fonts/flags/1x1/tc.svg]
[themecraze.net/html/alexis/assets/fonts/flags/4x3/td.svg]
[themecraze.net/html/alexis/assets/fonts/flags/1x1/td.svg]
[themecraze.net/html/alexis/assets/fonts/flags/4x3/tf.svg]
[themecraze.net/html/alexis/assets/fonts/flags/1x1/tf.svg]
[themecraze.net/html/alexis/assets/fonts/flags/4x3/tg.svg]
[themecraze.net/html/alexis/assets/fonts/flags/1x1/tg.svg]
[themecraze.net/html/alexis/assets/fonts/flags/4x3/th.svg]
[themecraze.net/html/alexis/assets/fonts/flags/1x1/th.svg]
[themecraze.net/html/alexis/assets/fonts/flags/4x3/tj.svg]
[themecraze.net/html/alexis/assets/fonts/flags/1x1/tj.svg]
[themecraze.net/html/alexis/assets/fonts/flags/4x3/tk.svg]
[themecraze.net/html/alexis/assets/fonts/flags/1x1/tk.svg]
[themecraze.net/html/alexis/assets/fonts/flags/4x3/tl.svg]
[themecraze.net/html/alexis/assets/fonts/flags/1x1/tl.svg]
[themecraze.net/html/alexis/assets/fonts/flags/4x3/tm.svg]
[themecraze.net/html/alexis/assets/fonts/flags/1x1/tm.svg]
[themecraze.net/html/alexis/assets/fonts/flags/4x3/tn.svg]
[themecraze.net/html/alexis/assets/fonts/flags/1x1/tn.svg]
[themecraze.net/html/alexis/assets/fonts/flags/4x3/to.svg]
[themecraze.net/html/alexis/assets/fonts/flags/1x1/to.svg]
[themecraze.net/html/alexis/assets/fonts/flags/4x3/tr.svg]
[themecraze.net/html/alexis/assets/fonts/flags/1x1/tr.svg]
[themecraze.net/html/alexis/assets/fonts/flags/4x3/tt.svg]
[themecraze.net/html/alexis/assets/fonts/flags/1x1/tt.svg]
[themecraze.net/html/alexis/assets/fonts/flags/4x3/tv.svg]
[themecraze.net/html/alexis/assets/fonts/flags/1x1/tv.svg]
[themecraze.net/html/alexis/assets/fonts/flags/4x3/tw.svg]
[themecraze.net/html/alexis/assets/fonts/flags/1x1/tw.svg]
[themecraze.net/html/alexis/assets/fonts/flags/4x3/tz.svg]
[themecraze.net/html/alexis/assets/fonts/flags/1x1/tz.svg]
[themecraze.net/html/alexis/assets/fonts/flags/4x3/ua.svg]
[themecraze.net/html/alexis/assets/fonts/flags/1x1/ua.svg]
[themecraze.net/html/alexis/assets/fonts/flags/4x3/ug.svg]
[themecraze.net/html/alexis/assets/fonts/flags/1x1/ug.svg]
[themecraze.net/html/alexis/assets/fonts/flags/4x3/um.svg]
[themecraze.net/html/alexis/assets/fonts/flags/1x1/um.svg]
[themecraze.net/html/alexis/assets/fonts/flags/4x3/us.svg]
[themecraze.net/html/alexis/assets/fonts/flags/1x1/us.svg]
[themecraze.net/html/alexis/assets/fonts/flags/4x3/uy.svg]
[themecraze.net/html/alexis/assets/fonts/flags/1x1/uy.svg]
[themecraze.net/html/alexis/assets/fonts/flags/4x3/uz.svg]
[themecraze.net/html/alexis/assets/fonts/flags/1x1/uz.svg]
[themecraze.net/html/alexis/assets/fonts/flags/4x3/va.svg]
[themecraze.net/html/alexis/assets/fonts/flags/1x1/va.svg]
[themecraze.net/html/alexis/assets/fonts/flags/4x3/vc.svg]
[themecraze.net/html/alexis/assets/fonts/flags/1x1/vc.svg]
[themecraze.net/html/alexis/assets/fonts/flags/4x3/ve.svg]
[themecraze.net/html/alexis/assets/fonts/flags/1x1/ve.svg]
[themecraze.net/html/alexis/assets/fonts/flags/4x3/vg.svg]
[themecraze.net/html/alexis/assets/fonts/flags/1x1/vg.svg]
[themecraze.net/html/alexis/assets/fonts/flags/4x3/vi.svg]
[themecraze.net/html/alexis/assets/fonts/flags/1x1/vi.svg]
[themecraze.net/html/alexis/assets/fonts/flags/4x3/vn.svg]
[themecraze.net/html/alexis/assets/fonts/flags/1x1/vn.svg]
[themecraze.net/html/alexis/assets/fonts/flags/4x3/vu.svg]
[themecraze.net/html/alexis/assets/fonts/flags/1x1/vu.svg]
[themecraze.net/html/alexis/assets/fonts/flags/4x3/wf.svg]
[themecraze.net/html/alexis/assets/fonts/flags/1x1/wf.svg]
[themecraze.net/html/alexis/assets/fonts/flags/4x3/ws.svg]
[themecraze.net/html/alexis/assets/fonts/flags/1x1/ws.svg]
[themecraze.net/html/alexis/assets/fonts/flags/4x3/ye.svg]
[themecraze.net/html/alexis/assets/fonts/flags/1x1/ye.svg]
[themecraze.net/html/alexis/assets/fonts/flags/4x3/yt.svg]
[themecraze.net/html/alexis/assets/fonts/flags/1x1/yt.svg]
[themecraze.net/html/alexis/assets/fonts/flags/4x3/za.svg]
[themecraze.net/html/alexis/assets/fonts/flags/1x1/za.svg]
[themecraze.net/html/alexis/assets/fonts/flags/4x3/zm.svg]
[themecraze.net/html/alexis/assets/fonts/flags/1x1/zm.svg]
[themecraze.net/html/alexis/assets/fonts/flags/4x3/zw.svg]
[themecraze.net/html/alexis/assets/fonts/flags/1x1/zw.svg]
[themecraze.net/html/alexis/assets/fonts/flags/4x3/arab.svg]
[themecraze.net/html/alexis/assets/fonts/flags/1x1/arab.svg]
[themecraze.net/html/alexis/assets/fonts/flags/4x3/cefta.svg]
[themecraze.net/html/alexis/assets/fonts/flags/1x1/cefta.svg]
[themecraze.net/html/alexis/assets/fonts/flags/4x3/cp.svg]
[themecraze.net/html/alexis/assets/fonts/flags/1x1/cp.svg]
[themecraze.net/html/alexis/assets/fonts/flags/4x3/dg.svg]
[themecraze.net/html/alexis/assets/fonts/flags/1x1/dg.svg]
[themecraze.net/html/alexis/assets/fonts/flags/4x3/eac.svg]
[themecraze.net/html/alexis/assets/fonts/flags/1x1/eac.svg]
[themecraze.net/html/alexis/assets/fonts/flags/4x3/es-ct.svg]
[themecraze.net/html/alexis/assets/fonts/flags/1x1/es-ct.svg]
[themecraze.net/html/alexis/assets/fonts/flags/4x3/es-ga.svg]
[themecraze.net/html/alexis/assets/fonts/flags/1x1/es-ga.svg]
[themecraze.net/html/alexis/assets/fonts/flags/4x3/es-pv.svg]
[themecraze.net/html/alexis/assets/fonts/flags/1x1/es-pv.svg]
[themecraze.net/html/alexis/assets/fonts/flags/4x3/eu.svg]
[themecraze.net/html/alexis/assets/fonts/flags/1x1/eu.svg]
[themecraze.net/html/alexis/assets/fonts/flags/4x3/gb-eng.svg]
[themecraze.net/html/alexis/assets/fonts/flags/1x1/gb-eng.svg]
[themecraze.net/html/alexis/assets/fonts/flags/4x3/gb-nir.svg]
[themecraze.net/html/alexis/assets/fonts/flags/1x1/gb-nir.svg]
[themecraze.net/html/alexis/assets/fonts/flags/4x3/gb-sct.svg]
[themecraze.net/html/alexis/assets/fonts/flags/1x1/gb-sct.svg]
[themecraze.net/html/alexis/assets/fonts/flags/4x3/gb-wls.svg]
[themecraze.net/html/alexis/assets/fonts/flags/1x1/gb-wls.svg]
[themecraze.net/html/alexis/assets/fonts/flags/4x3/ic.svg]
[themecraze.net/html/alexis/assets/fonts/flags/1x1/ic.svg]
[themecraze.net/html/alexis/assets/fonts/flags/4x3/pc.svg]
[themecraze.net/html/alexis/assets/fonts/flags/1x1/pc.svg]
[themecraze.net/html/alexis/assets/fonts/flags/4x3/sh-ac.svg]
[themecraze.net/html/alexis/assets/fonts/flags/1x1/sh-ac.svg]
[themecraze.net/html/alexis/assets/fonts/flags/4x3/sh-hl.svg]
[themecraze.net/html/alexis/assets/fonts/flags/1x1/sh-hl.svg]
[themecraze.net/html/alexis/assets/fonts/flags/4x3/sh-ta.svg]
[themecraze.net/html/alexis/assets/fonts/flags/1x1/sh-ta.svg]
[themecraze.net/html/alexis/assets/fonts/flags/4x3/un.svg]
[themecraze.net/html/alexis/assets/fonts/flags/1x1/un.svg]
[themecraze.net/html/alexis/assets/fonts/flags/4x3/xk.svg]
[themecraze.net/html/alexis/assets/fonts/flags/1x1/xk.svg]
[themecraze.net/html/alexis/assets/fonts/flaticon/flaticon_flaticons0bac.svg]
